["AGCAACACAGCACTTTGCATTTCTGAATTGACAAGCAGCTATATTGACCCAGCGCTTATTATGGGTCAACAGCTGCGTTAACCAACGGAAGGACTGAGGGGCAATTAAAATGAATTGGCAAAAATATATCTTCCTAATTTACTCCAATTTGTTATTTATGCTAACATTGTATGGCTTCTATGGTGACACTAAACAGAATGGACCCAATAATGGCAATTAACATAAAAATATAATGGCTAATCAAATTGACAGCAACTGTTTCTCATCATCTCGACACACAATACATTATCAAAACAAACTATTATGAAGGAGGTAATTTCAGTGTTCTATTCAACCTGCAGCATGTGTG", "AGCCAGCCTCAAATTTCAGATTAAAATTCCTTCATCCCGAAGGCAGCATTATCAGGTTGTTGGAGGCTGTTTTCAAACCTTGGTTTTGAATAGCAGCGGCTCTGCATTAATTTAACCACTAAGCTAATAAGTAGGTTTCGTTTTGTTATGCTAAGCTTTATTGCTTTTCTTTTGATCAGAATGGTGTTGTTGAGCAAAGCAGCAGACAAGGCATTCTTTGATGAGGGAATTAGCGCTCCATTCTTCCTCTATTATTCATAGCGCAGTGGAATATGTAAGTACCTGAGGGTGTCAAAGGAGCGCAGGTTCTATTGCAAAGTGCTCGCCTTGTTTCTCTCAATAGCTGACTATGAGATGATAAACCGCTTAATACACTGTGCTAATTGGATGAGAGCAAAAAGAGATGGGAATTAAGGCGAGGCAAAAGGAGAAAGTGCAACCAGCCTTCAATTCACTCTTTCACCACTTTAACAGCACCAAAGGAGGCAC", "AGCTTTCTATAAGCAGACTAGAGGTTTTGTGCAGAGATAAAATGAACGTGTTAGTGGATTCAAGTAATACACTAATTATTGCACAGTATAAATACCACTACTGGTTTTATAACAGGGAGGTAAACTTCTTTTGAGAGGGTTATAGGATTGCTTGGCAGTGGTGTAGAACCTAATAAGGGCCCAGAGTAATAACCCCCTGGATTAACAAAATTGCTGCTTGTA", "CACTAGCTAATCTAAATTGGGAAATGAAGAGGGCTTTTTTTAAGCATGAAAATTTCATCATCTTGTCAGCTGGCAGAATGCCTGCTGTGTGGATTCACAAAGGCTAAGAATTACACTTTCATGAAATTTTCCTCACTAACTGCCCTGGTTAATTTGAAAGATAACCCACTGTTCTAATTCATTCCTCAATTGGGCGGTGCAGGTTTTATCTTTGATCTGACAAAGCATTTGTGTTAATCGTTTTGGCCCTCCACTAGACACTCTTGGGATTGTGCTTTTACAATAAATGTGTCTGTGATAGCTCTTTAGTCTATTATACTTACAATAGATCCATAGAACTGGTAATTAATTCTCCACTGCTTTGGAAATGGGAAGAATAGGTGTAGCTCTGTCAAGT", "CCCCAAAAAAATTGCATTACTGAAATATATTTCATGGGTGCAATTGGCCAGGGACAGGGAGGGCAGCAGGCCATTTCTTTTATTAAGGTCTTGCGCAAATGTTATGAAGAGGGCAGTATCTCAAGAAACAATTTCACAGCTGGTTTGCTCCTAAGCCACTCAAGCCTAAAAATGCACCGAATTCCTGGTGGAAAAAAAAGAAATAGATGTCACTCCCAAACAAAGACAGGTGCTAAGCTGCGGGAGATGAGAGAAGGGGTGAAAACAGTATCCAGCTTTAATAGCAAAAGCAAATGCTAGCTAATGGCCC", "CGCATTAAATGATTTCAGTAAAGGAATGTGCAGCATTAATTAGAATTTGTTAGCAGATACCAAGGGGAAAAGTTTCTTCACAACAACTATAGGAGGTGTCATTTGTACAAAGACTTTTTTGTTTTCTTTCCCCATTACATTATCACTGCAATATGTAAGGTAGTGATTCTTTTCATTTAAATTAAGTGGAAAGCTACTAAATCTTGTTTTATTCTCCAAAAAGAATAAGGTCCTTAACACTTATCTTTTAACTTCTTTCATTTCCTAAGGTTGGTGTTTACTTTTGCTTTCAGTC", "CTCAACTATAAATTACAACTGATGACAAAAGTGGAAGCTAACAGTGGCAAAATTAGGCCCAAAGGCAAAATAATTATATATACAGCCTTCAGCAGTGAGGGAGAGAGCCATCAATCAGCCCCCAATTATTCACTAGTTAATCAGCTCTGCCCTTCCTTTATTGAAGGGTTACAGTGTAATTAAGTTGGCAGCATCCTTTTAATTCATCAAACATACAACACATGGCGGTGTTTGCTGC", "CTCAGAGAAGAGGGCTTTGCACCTACCAGTGAGCCCTGCCTGCTTCACTTTGTAAGAAGTGGTACAGCACAGGGAACAGAACAAGCTGGTCTTGCCATTACGATCCACATGTGATAGCATCTCAAAGTTCTTACACAGGGTCTTGCACCAGACACATGGGTACACACGTGTGTTTTTCTGTGAGGATGGGGAAGGAGAGGCTGAGGCTGG", "GAGAGAGGTGGGTGGAGAGACGAAGTCAGGGCTGTTTGTTGAATATACTGTTAAGGACTGTTACCATCCTAATTAATCAAGTTAGAAATTACAGCTGTAGTCGGTTTCCCCCCAATTCTTGTTATCAATTTTCTTCTCTTTTGAGACAAAGCAAATATAAATTTTGTGTTCATTTGTCATTCGTTCTTTGACTTCAGCATCTCTGAAAATAACAATGTAGCACAAAAGCCCAGTATTTACCTAGTTGTAATGTGGGTTGCCATGGTGTTTTGCAAATTATTGCAATTATGTTCACCATGCGAGTCGCCCTTGGTAACTGGCGAAAAAACTGATAATCCTGTTTTGAACAAAAGGTCAAATTGCTGAATAGAAAGTCTTGATTAACTAAAAGATGTACAAAGTGGAATTATTTCCTACCATTCAGAAATAGTTCTTGATCGGGTTTGGGGGAGGGGGTGAGTAAGTACATCTGATTACTGAAGTACAAAGCATTGAAAGGATGTTGTCTTGAGCCTTTCATGTAGTCTTAATGGTGGCTTTTTTGTCAAATTTACCCATTTGCGGCATTGAAAGAGGCAGCTGCATTTAAGCTGGAGAGACGGTGCTTTTTCAAGAGTTCAGTGCATGGAAAGTTCTCAGCAGTATCTGCAGTTTACTAGTAGCCCCTGGTCTATTAAAACTGATGTGCCGCATTTGAGCCCATTGCTCTCAGTACTTGTGAACCCCTCTGGCTGATGATCTAATAAAGTGCTCTTACTGGACAATCTCTGATCAGCTACTT", "GAGCTGGCTTGCTGGGCCACACTGCAGTCATGCTGTTTTTGAATTCTCTCTCTGTTTTGTTCTCTGTTCTGTGCTGTTGTGTCTCCCCGTGTCTGGTCCCCAGGATCCGGCGCTAAGAAACAGGGCGAGGACTTAGCGGATAATGACGGGGATGAAGATGAAGGTATTTGGGGGCTGCAGGGCGCGGCGGCTGGTGCATGGCACAGAGCCCCTCCCCTTCTC", "GGCAAAAATTTCCTAAAGTGCAATAGATTTTCAAGTGTATTGTGCCTTGTTCTAAAACTTTTATTAAGTAGGTGCACTTGACAGTATTGAGGTCATTTGTTATGGTGCTATTTCAATTAGTCTAGGTTTAGGCCCTTGTACATTTTGCCCATAACTTTTTACAAAGTACTTCTTTTATTGCACATTCAGAGAATTTTATATATATGTCTTGTGTGCGTGTCCTTAAACTTCCAATCTTA", "GGTAATCATTTACCATTCTGATTTTATTTTTTGAAGTAAATTGTCTGAAGTAATAGGTTCTTGGAATTACAGCGTGCCTTGCTTTTTTCTTAGAACTTTATTTAAGCTTGTCTTCCAGCATTTAACCCGAGTCCCCTCTTTCGTTTGATCTTCTAACTTTATTTATACAACAGTGCTTAATGATCCTGCACAATGTGTTT", "GTCAGGCAGATCTTTGGCGACTACAAGACCACCATCTGCGGCAAGGGCCTGAGCGCAACGGTAACAGGGGGCCAGAAGGGGAGGGGTTCCAGAGGCCAACATCAAGCTCATTCTTTGGAGCGGGTGTGTCATTGTTTGGGAAAATGGCTAGGACATCCCGACAAGGTGATCATCCTCAGGATTTTGTGGCAATAACAAGGGGTGGGGGA", "GTGACGAATGTTAATTGCATGGATGTGGTGTTCTTGTTACTTTTTTTCTCAAAGACAATTTCCCCATCCCGCACACTTCAGTTTTGAGCAAATGTTATCCTCCATGCCACCTTCCAATATTTAACCCTGTATTTGCTGTACAGACATTTTTATAGCTCCACGTTCTGTGAAATTTAGCCAATTTGTCCTCTTGTGCTCCTTTTT", "TAAACAAAAATTATACAGCTTATTAGAGTGTGGGAATAGGGATCTAAATTTTAAATAAAATTATATATATATATAAATTGGTGCTGATTTTATAATTGCGCAGTTTGTTTAGTTTTTTCTTACTTTTAAATTCCAACTTAAAATTATGAGGTTTCAGAAATATATTGAAAGTTTAACAATGTTTAAAAATAGAAAAGCATGA", "TACTGTACCTCAATTTTATTGTAATGATTTTGCTGGTTACCAGGTGGGGTGGCAGTTGAAAAATTTGGTGAATGCACTACGAGAGGACCCGAGTGGTGTTATCTTAACTTTGAAAAAGCGACCTCAGAGCATGCTTACCTCAGCACCAGCTTTACTGAAAAATATGAGATGGAAGCCCCTTGCTCTGCAGGTAATGAAGCTTAATCATAAGTCATACACCATCATTTTAGCCATAGATTATCTCAGTAATGCTTCTTT", "TATTTCTTTTTGTCCTTTCCCATGAAGAGTAATTTATTTCCCTTTTTAAAGTGTGGGCAGAATGATTACTAGCGCACTGTAATGTAATTGTGTTGCATTGATAAAATAAAAATTGTCCTTTATCTGTGTCCTGATAATGTTCAATTTACAGGCTGGCTTCTCTGCCACCTCTTCAGTGCTTTGAGTATTCCAGTTCTCCTCCCTTCCTGCTCTGAGAGCGCACAGAACTGTTTGAAATCCACTGGTACAATTGTCAAATCAATTATTCATTCTCTGCAATTATGCTCGCACAAAGAACATTTTGCTGGTCTGAATGATGATTAAATTAACAGCTATTCCAGCTGCCTGATAACATCTAATAGAATATTCATAAGCCCAAAATGGAATGAATTATCTCCATTAACTTCATCATGCTCACTTAATTACATGCTTGTTATTGTATTTACACCTTGTTAGATACCGCTGAAGCTGATCCAGTGGCTGGCCGGGAATTGGAAGCGTCTGTCATGGGGCAGTTGGAGCGCGTTTTGTAGGAAATGCTATTTATTTTAAATGCTCCACCTGCTGGGAGCCGAGGTTAGTCAGCAGCACTGAGATGAATTGGGAAACGGGGTGTAAAAAGAAATAATGTGCTTCTGACAGGCTCCGTGGCTTTTAAGTTGCTCTCATTCAGCCACTTCACAAAAAATTATTTTATTCCATCTCTCAGTGATGATGACATGATTGCTTTT", "TATTTGTTTGGCAAGTGCCTTGGGAACTAGCAAAACCATGAGGACATTTTCCTGTCACCGATACCCTCTAATGTGTCCCTTTTGAGTTGGCAGCTTAAACTGCTTGCTGAATAAAACATTAACTTCTTCACCCCAACCTTGTCCTTACTCAATTCTGGCTTCACAGCTTTATTGACAGCAATGCTTATCAACCCACTTTTATGGTGGGCTGAAAGAGATTGACTATTATTGTGCCCAGATTAAATGGGGGAGTAATGCCACCCCTGTCTGATTGT", "TCTCCTGATTGGGGAGATCATTACTGCTATTATGACTCGACTTGCGTAGGAATTTTAAATTCCATCTGAATGTCAGTAATAACCCTCTTAGCAAATTATCCTGAATAAAATCACGAAGGCATTTTATATAATAGGTGTTGAATTACTGGATAGATTTGCTAATTAAATACTCTTTGTTCTGCTGCAGTTGACATTACAGGGTAAGATCTTGAACAATTATTCTCAACAGCTGTACTTTGTTAAGGGAAAAATTAACCACAAAGTTTATTTTTTTA", "TGGAATATTTGTGGTAGTTGAGTGATAAATGGTGAGATAATGGTGTTTTACAGGCAGTGAAATGACAAGGTCAGTTTTAATTAAGCTGAGATCAACCTCAGTCTGTATTGCACACTTCTGATTAGGTTATTTCAAATTAACATAAGTTTTTGGAGACTTCGCTGAAGTCAGTGGTGTTAAACACCAGCTGTGCTGGCAGAGAAGCGTGGGATATGAGAAGGAGATAGCATTCACATTGAAATTAGCACTTGGCACAATATAATTCTCTGATTGCAAACTATGTGGAGTTGCCTGTGCTAATTGGTTGATTTTATTTGAAGCAGATGTTGTTAGCTTTCCCA", "TGTTCATGCTTTAAAATGATTTTTAAATTTGTATTTTATATTGTTTTATCTATCTGTCTTTGCAAGCAGTCTTCAGGTTAAAGATACTTCTAACAGGTTACAGTACATTTCCTCTGTATGTAAATTAGATGGGATAATAGAATTCATAACCCATAATATTCTTTGAAAGCTAAGCTTTAAACTTCATTTTATGTCCTTTCACAA", "TGTTTATTATTATTAAAATAGATTATAGAAAGCAGCATCTATTTTGTGCAGTTTTTAGGGGCCTTGGAAATAAAAAGCTATGATTTCCAAAAATATAACATTCCAAAGGATTGAATAATACATACATTTAAAGATACATTTTATTAAAGTTTAGGAGAACTGATTAAAAAAGATACTGTCTCTTTAAATTAGTGTGTAATTG", "TTAACTTTTTATAAGGTAATGCTCAGGTTGCCTGCAGTGTCTAAAATTACTCTGTGGCCAGGGCCCCCTGCTTTATCGCTTTCTATAGTTTTAAAGTAGTTTGAAGCTTGAATAACATAAAATAACATAATATAATGTTATTTATGTTATTTCCCACGTGAAGAACGCCTGTAAACCTTGCAGTATTGAAACTCAGTGAACAAGGCATCTTAGACAAGCTGAAAAACAAATGGTGGTACGATAAGGGGGAATGTGGAGCCAAGGACTCCGGGAGTAAGGTCAGTCGCTGAAGGTCTTTTTGT", "TTACAGACTTGAGACTGTCCTCATTCCCATATGTAATAGACATCCAAAGAATTTCAATTGCTTTGTTGAACTTTTACTAATGATCTTGTTTTTATTTTCTCTCTTGTTTTTGGTTTTTCACCATTGATATTGTATTTAGAAGGTTTCAGGTGGGTGAAACCTCCTATTCCATGCGTAAGGTGCCTCGCTGAAGGGAGCTCGAGGCCTGGATCTAGGGCAGACACACAACCTCCTCCTCCTCTTCCAGCAAGGAACGCACCGAAAAGTCACATGATGAGAAATATGGTAACGGGTTTGTAACTGCCACAGCAAAACAATTTGCCTCCATGCCTGAATCTTCTGTCTTGTGGCTTCAGAAACAGCTTAAAATAATTTTATTTACAAGCAAGTTATGTAA", "TTGTAATTGGTCAGAGTTATATACAGGTGCAATTTGTAATATTTTCAGTAAATTAAATTTTTTTCTCTTTGGCTTTTATTGATGTATGTTCAGATGCCCATTAGGGCTTCCTTTTTTCCAGTGGAAATTGCAGCATGTTAATTTTCACACAAATTACAGCAATAGCAGGTATCTCTATTTGATACATTATAACAGGAGCAATCAAGGATAATTGAGTGCCTTTCAGATGGAAACGGGTGCATTCACTTCAATTCAAAGCGAGTCCATTTATCGCCTAATCGGTCTTTAAACACTAAATTTCTGGAACAAAAATTCTTGTCATAATTTTGCTTAAGTGTATTTGGAAATCACAGTCCTTTGAGCAAGGATAATTGAAATCAAATCCCTTTCAATGGAGGTGACATTTCTACATTTTCCCAATTGAAATTAATTTCAAAAATTGAGCATGAATATCTTCAAATGGCAGGCAATTATAGCTTTCAATGGGAAGAAATTATGCGCACAAAAAAGTGGAGACATCAAATACCGCTTCAGCTAAATGTCTTTGTTTCCAACTGTGTTTGCCTTGTAAAGATTTACATATATTGACTTATTATGCAACCTTGAGATGCAGATCGCCTTCCTTTTTCATCTGAGCCCATTAAAATTAACTAAAATTGGAACGTTCTTGTTAAGCTTCATCAAAACTGTTTGGAATTTACTGCAGCTGCAGAAATGTGTTCATAATAGAACTTAACCCTTCAAAGACTTGAATTCTACCCCCATTTTTT", "TTTTATACGTTAACGATTTCCTAAGCATTTGTGCATTTTCTTACAAGTTATGTTTTATCGTTTCAAGAAATGCTGTTAACCTGGCAGTATTAAAACTGAATGAGCAAGGCCTCTTGGACAAATTGAAAAACAAATGGTGGTACGACAAAGGAGAGTGCGGCAGCGGGGGCGGTGACTCCAAGGTCAGCCTCAATGTCACCACAACCGGGTACCCTTAGTGACGAGTAATCGGCAAGACTGTTATCTTATTA"]